
Memory Configuration

Name             Origin             Length             Attributes
*default*        0x00000000         0xffffffff

Linker script and memory map

                0x00000000                . = 0x0
                0x00000000                . = ALIGN (0x4)

.text           0x00000000      0xae0
 start.o(.text)
 .text          0x00000000       0xb0 start.o
                0x00000000                _start
                0x00000040                _end_vect
                0x00000048                _armboot_start
                0x0000004c                _bss_start
                0x00000050                _bss_end
 cpu_init.o(.text)
 .text          0x000000b0      0x124 cpu_init.o
                0x000000b0                mem_ctrl_asm_init
 nand_boot.o(.text)
 .text          0x000001d4      0x348 nand_boot.o
                0x00000488                nand_boot
 *(.text)
 .text          0x0000051c      0x1ac lowlevel_init.o
                0x00000520                lowlevel_init
 .text          0x000006c8      0x124 nand_ecc.o
                0x000006c8                nand_correct_data
 .text          0x000007ec      0x2f4 s3c64xx.o
                0x000009f0                board_nand_init

.glue_7         0x00000ae0        0x0
 .glue_7        0x00000000        0x0 linker stubs

.glue_7t        0x00000ae0        0x0
 .glue_7t       0x00000000        0x0 linker stubs

.vfp11_veneer   0x00000ae0        0x0
 .vfp11_veneer  0x00000000        0x0 linker stubs

.v4_bx          0x00000ae0        0x0
 .v4_bx         0x00000000        0x0 linker stubs

.iplt           0x00000ae0        0x0
 .iplt          0x00000000        0x0 start.o

.rel.dyn        0x00000ae0        0x0
 .rel.iplt      0x00000000        0x0 start.o
                0x00000ae0                . = ALIGN (0x4)

.rodata
 *(SORT(.rodata*))
                0x00000ae0                . = ALIGN (0x4)

.data           0x00000ae0        0x8
 *(.data)
 .data          0x00000ae0        0x0 start.o
 .data          0x00000ae0        0x0 cpu_init.o
 .data          0x00000ae0        0x0 nand_boot.o
 .data          0x00000ae0        0x0 lowlevel_init.o
 .data          0x00000ae0        0x0 nand_ecc.o
 .data          0x00000ae0        0x8 s3c64xx.o

.igot.plt       0x00000ae8        0x0
 .igot.plt      0x00000000        0x0 start.o
                0x00000ae8                . = ALIGN (0x4)

.got
 *(.got)
                0x00000ae8                __u_boot_cmd_start = .

.u_boot_cmd
 *(.u_boot_cmd)
                0x00000ae8                __u_boot_cmd_end = .
                0x00000ae8                . = ALIGN (0x4)
                0x00000ae8                __bss_start = .

.bss            0x00000ae8        0x4
 *(.bss)
 .bss           0x00000ae8        0x0 start.o
 .bss           0x00000ae8        0x0 cpu_init.o
 .bss           0x00000ae8        0x0 nand_boot.o
 .bss           0x00000ae8        0x0 lowlevel_init.o
 .bss           0x00000ae8        0x0 nand_ecc.o
 .bss           0x00000ae8        0x4 s3c64xx.o
                0x00000aec                . = ALIGN (0x4)
                0x00000aec                _end = .
Address of section .text set to 0x0
LOAD start.o
LOAD cpu_init.o
LOAD lowlevel_init.o
LOAD nand_boot.o
LOAD nand_ecc.o
LOAD s3c64xx.o
OUTPUT(/home/coolloser/tiny6410/bootloader/u-boot-2010.09-dt/nand_spl/u-boot-spl elf32-littlearm)

.ARM.attributes
                0x00000000       0x26
 .ARM.attributes
                0x00000000       0x1a start.o
 .ARM.attributes
                0x0000001a       0x1a cpu_init.o
 .ARM.attributes
                0x00000034       0x2a nand_boot.o
 .ARM.attributes
                0x0000005e       0x1a lowlevel_init.o
 .ARM.attributes
                0x00000078       0x2a nand_ecc.o
 .ARM.attributes
                0x000000a2       0x2a s3c64xx.o

.comment        0x00000000       0x46
 .comment       0x00000000       0x46 nand_boot.o
                                 0x47 (size before relaxing)
 .comment       0x00000000       0x47 nand_ecc.o
 .comment       0x00000000       0x47 s3c64xx.o

.note.GNU-stack
                0x00000000        0x0
 .note.GNU-stack
                0x00000000        0x0 nand_boot.o
 .note.GNU-stack
                0x00000000        0x0 nand_ecc.o
 .note.GNU-stack
                0x00000000        0x0 s3c64xx.o

.debug_line     0x00000000      0x7db
 .debug_line    0x00000000       0x59 start.o
 .debug_line    0x00000059       0x89 cpu_init.o
 .debug_line    0x000000e2      0x229 nand_boot.o
 .debug_line    0x0000030b       0xc5 lowlevel_init.o
 .debug_line    0x000003d0      0x184 nand_ecc.o
 .debug_line    0x00000554      0x287 s3c64xx.o

.debug_info     0x00000000     0x30eb
 .debug_info    0x00000000       0x87 start.o
 .debug_info    0x00000087       0x8a cpu_init.o
 .debug_info    0x00000111     0x14d0 nand_boot.o
 .debug_info    0x000015e1       0x8f lowlevel_init.o
 .debug_info    0x00001670      0x850 nand_ecc.o
 .debug_info    0x00001ec0     0x122b s3c64xx.o

.debug_abbrev   0x00000000      0x78c
 .debug_abbrev  0x00000000       0x14 start.o
 .debug_abbrev  0x00000014       0x14 cpu_init.o
 .debug_abbrev  0x00000028      0x2f8 nand_boot.o
 .debug_abbrev  0x00000320       0x14 lowlevel_init.o
 .debug_abbrev  0x00000334      0x1ac nand_ecc.o
 .debug_abbrev  0x000004e0      0x2ac s3c64xx.o

.debug_aranges  0x00000000       0xc0
 .debug_aranges
                0x00000000       0x20 start.o
 .debug_aranges
                0x00000020       0x20 cpu_init.o
 .debug_aranges
                0x00000040       0x20 nand_boot.o
 .debug_aranges
                0x00000060       0x20 lowlevel_init.o
 .debug_aranges
                0x00000080       0x20 nand_ecc.o
 .debug_aranges
                0x000000a0       0x20 s3c64xx.o

.debug_loc      0x00000000      0xcaa
 .debug_loc     0x00000000      0x4d5 nand_boot.o
 .debug_loc     0x000004d5      0x3b6 nand_ecc.o
 .debug_loc     0x0000088b      0x41f s3c64xx.o

.debug_ranges   0x00000000       0x20
 .debug_ranges  0x00000000       0x20 nand_boot.o

.debug_str      0x00000000      0x9ab
 .debug_str     0x00000000      0x842 nand_boot.o
                                0x955 (size before relaxing)
 .debug_str     0x00000842       0x37 nand_ecc.o
                                0x5bc (size before relaxing)
 .debug_str     0x00000879      0x132 s3c64xx.o
                                0x9ce (size before relaxing)

.debug_frame    0x00000000      0x168
 .debug_frame   0x00000000       0x78 nand_boot.o
 .debug_frame   0x00000078       0x2c nand_ecc.o
 .debug_frame   0x000000a4       0xc4 s3c64xx.o
